Archive member included to satisfy reference by file (symbol)

/usr/lib/gcc/avr/13.2.0/../../../../avr/lib/avr5/libm.a(addsf3.o)
                              main.o (__subsf3)
/usr/lib/gcc/avr/13.2.0/../../../../avr/lib/avr5/libm.a(addsf3x.o)
                              /usr/lib/gcc/avr/13.2.0/../../../../avr/lib/avr5/libm.a(addsf3.o) (__addsf3x)
/usr/lib/gcc/avr/13.2.0/../../../../avr/lib/avr5/libm.a(cmpsf2.o)
                              main.o (__ltsf2)
/usr/lib/gcc/avr/13.2.0/../../../../avr/lib/avr5/libm.a(divsf3.o)
                              main.o (__divsf3)
/usr/lib/gcc/avr/13.2.0/../../../../avr/lib/avr5/libm.a(divsf3x.o)
                              /usr/lib/gcc/avr/13.2.0/../../../../avr/lib/avr5/libm.a(divsf3.o) (__divsf3x)
/usr/lib/gcc/avr/13.2.0/../../../../avr/lib/avr5/libm.a(fixsfsi.o)
                              main.o (__fixsfsi)
/usr/lib/gcc/avr/13.2.0/../../../../avr/lib/avr5/libm.a(fixunssfsi.o)
                              /usr/lib/gcc/avr/13.2.0/../../../../avr/lib/avr5/libm.a(fixsfsi.o) (__fixunssfsi)
/usr/lib/gcc/avr/13.2.0/../../../../avr/lib/avr5/libm.a(floatsisf.o)
                              main.o (__floatsisf)
/usr/lib/gcc/avr/13.2.0/../../../../avr/lib/avr5/libm.a(fp_cmp.o)
                              /usr/lib/gcc/avr/13.2.0/../../../../avr/lib/avr5/libm.a(cmpsf2.o) (__fp_cmp)
/usr/lib/gcc/avr/13.2.0/../../../../avr/lib/avr5/libm.a(fp_inf.o)
                              /usr/lib/gcc/avr/13.2.0/../../../../avr/lib/avr5/libm.a(addsf3x.o) (__fp_inf)
/usr/lib/gcc/avr/13.2.0/../../../../avr/lib/avr5/libm.a(fp_nan.o)
                              /usr/lib/gcc/avr/13.2.0/../../../../avr/lib/avr5/libm.a(addsf3x.o) (__fp_nan)
/usr/lib/gcc/avr/13.2.0/../../../../avr/lib/avr5/libm.a(fp_pscA.o)
                              /usr/lib/gcc/avr/13.2.0/../../../../avr/lib/avr5/libm.a(addsf3x.o) (__fp_pscA)
/usr/lib/gcc/avr/13.2.0/../../../../avr/lib/avr5/libm.a(fp_pscB.o)
                              /usr/lib/gcc/avr/13.2.0/../../../../avr/lib/avr5/libm.a(addsf3x.o) (__fp_pscB)
/usr/lib/gcc/avr/13.2.0/../../../../avr/lib/avr5/libm.a(fp_round.o)
                              /usr/lib/gcc/avr/13.2.0/../../../../avr/lib/avr5/libm.a(addsf3.o) (__fp_round)
/usr/lib/gcc/avr/13.2.0/../../../../avr/lib/avr5/libm.a(fp_split3.o)
                              /usr/lib/gcc/avr/13.2.0/../../../../avr/lib/avr5/libm.a(addsf3x.o) (__fp_split3)
/usr/lib/gcc/avr/13.2.0/../../../../avr/lib/avr5/libm.a(fp_zero.o)
                              /usr/lib/gcc/avr/13.2.0/../../../../avr/lib/avr5/libm.a(addsf3x.o) (__fp_zero)
/usr/lib/gcc/avr/13.2.0/../../../../avr/lib/avr5/libm.a(mulsf3.o)
                              main.o (__mulsf3)
/usr/lib/gcc/avr/13.2.0/../../../../avr/lib/avr5/libm.a(mulsf3x.o)
                              /usr/lib/gcc/avr/13.2.0/../../../../avr/lib/avr5/libm.a(mulsf3.o) (__mulsf3x)
/usr/lib/gcc/avr/13.2.0/avr5/libgcc.a(_exit.o)
                              /usr/lib/gcc/avr/13.2.0/../../../../avr/lib/avr5/crtatmega328p.o (exit)
/usr/lib/gcc/avr/13.2.0/avr5/libgcc.a(_tablejump2.o)
                              main.o (__tablejump2__)
/usr/lib/gcc/avr/13.2.0/avr5/libgcc.a(_copy_data.o)
                              main.o (__do_copy_data)

There are no discarded input sections

Memory Configuration

Name             Origin             Length             Attributes
text             0x00000000         0x00020000         xr
data             0x00800060         0x0000ffa0         rw!x
eeprom           0x00810000         0x00010000         rw!x
fuse             0x00820000         0x00000003         rw!x
lock             0x00830000         0x00000400         rw!x
signature        0x00840000         0x00000400         rw!x
user_signatures  0x00850000         0x00000400         rw!x
*default*        0x00000000         0xffffffff

Linker script and memory map

Address of section .data set to 0x800100
LOAD /usr/lib/gcc/avr/13.2.0/../../../../avr/lib/avr5/crtatmega328p.o
LOAD main.o
LOAD /usr/lib/gcc/avr/13.2.0/../../../../avr/lib/avr5/libm.a
START GROUP
LOAD /usr/lib/gcc/avr/13.2.0/avr5/libgcc.a
LOAD /usr/lib/gcc/avr/13.2.0/../../../../avr/lib/avr5/libm.a
LOAD /usr/lib/gcc/avr/13.2.0/../../../../avr/lib/avr5/libc.a
LOAD /usr/lib/gcc/avr/13.2.0/../../../../avr/lib/avr5/libatmega328p.a
END GROUP
                0x00020000                        __TEXT_REGION_LENGTH__ = DEFINED (__TEXT_REGION_LENGTH__)?__TEXT_REGION_LENGTH__:0x20000
                0x00800060                        __DATA_REGION_ORIGIN__ = DEFINED (__DATA_REGION_ORIGIN__)?__DATA_REGION_ORIGIN__:0x800060
                0x0000ffa0                        __DATA_REGION_LENGTH__ = DEFINED (__DATA_REGION_LENGTH__)?__DATA_REGION_LENGTH__:0xffa0
                0x00010000                        __EEPROM_REGION_LENGTH__ = DEFINED (__EEPROM_REGION_LENGTH__)?__EEPROM_REGION_LENGTH__:0x10000
                [0x00000003]                      __FUSE_REGION_LENGTH__ = DEFINED (__FUSE_REGION_LENGTH__)?__FUSE_REGION_LENGTH__:0x400
                0x00000400                        __LOCK_REGION_LENGTH__ = DEFINED (__LOCK_REGION_LENGTH__)?__LOCK_REGION_LENGTH__:0x400
                0x00000400                        __SIGNATURE_REGION_LENGTH__ = DEFINED (__SIGNATURE_REGION_LENGTH__)?__SIGNATURE_REGION_LENGTH__:0x400
                0x00000400                        __USER_SIGNATURE_REGION_LENGTH__ = DEFINED (__USER_SIGNATURE_REGION_LENGTH__)?__USER_SIGNATURE_REGION_LENGTH__:0x400

.hash
 *(.hash)

.dynsym
 *(.dynsym)

.dynstr
 *(.dynstr)

.gnu.version
 *(.gnu.version)

.gnu.version_d
 *(.gnu.version_d)

.gnu.version_r
 *(.gnu.version_r)

.rel.init
 *(.rel.init)

.rela.init
 *(.rela.init)

.rel.text
 *(.rel.text)
 *(.rel.text.*)
 *(.rel.gnu.linkonce.t*)

.rela.text
 *(.rela.text)
 *(.rela.text.*)
 *(.rela.gnu.linkonce.t*)

.rel.fini
 *(.rel.fini)

.rela.fini
 *(.rela.fini)

.rel.rodata
 *(.rel.rodata)
 *(.rel.rodata.*)
 *(.rel.gnu.linkonce.r*)

.rela.rodata
 *(.rela.rodata)
 *(.rela.rodata.*)
 *(.rela.gnu.linkonce.r*)

.rel.data
 *(.rel.data)
 *(.rel.data.*)
 *(.rel.gnu.linkonce.d*)

.rela.data
 *(.rela.data)
 *(.rela.data.*)
 *(.rela.gnu.linkonce.d*)

.rel.ctors
 *(.rel.ctors)

.rela.ctors
 *(.rela.ctors)

.rel.dtors
 *(.rel.dtors)

.rela.dtors
 *(.rela.dtors)

.rel.got
 *(.rel.got)

.rela.got
 *(.rela.got)

.rel.bss
 *(.rel.bss)

.rela.bss
 *(.rela.bss)

.rel.plt
 *(.rel.plt)

.rela.plt
 *(.rela.plt)

.text           0x00000000      0x79a
 *(.vectors)
 .vectors       0x00000000       0x68 /usr/lib/gcc/avr/13.2.0/../../../../avr/lib/avr5/crtatmega328p.o
                0x00000000                __vectors
                0x00000000                __vector_default
 *(.vectors)
 *(.progmem.gcc*)
                0x00000068                        . = ALIGN (0x2)
                0x00000068                        __trampolines_start = .
 *(.trampolines)
 .trampolines   0x00000068        0x0 linker stubs
 *(.trampolines*)
                0x00000068                        __trampolines_end = .
 *libprintf_flt.a:*(.progmem.data)
 *libc.a:*(.progmem.data)
 *(.progmem.*)
                0x00000068                        . = ALIGN (0x2)
 *(.lowtext)
 *(.lowtext*)
                0x00000068                        __ctors_start = .
 *(.ctors)
                0x00000068                        __ctors_end = .
                0x00000068                        __dtors_start = .
 *(.dtors)
                0x00000068                        __dtors_end = .
 SORT_BY_NAME(*)(.ctors)
 SORT_BY_NAME(*)(.dtors)
 *(.init0)
 .init0         0x00000068        0x0 /usr/lib/gcc/avr/13.2.0/../../../../avr/lib/avr5/crtatmega328p.o
                0x00000068                __init
 *(.init0)
 *(.init1)
 *(.init1)
 *(.init2)
 .init2         0x00000068        0xc /usr/lib/gcc/avr/13.2.0/../../../../avr/lib/avr5/crtatmega328p.o
 *(.init2)
 *(.init3)
 *(.init3)
 *(.init4)
 .init4         0x00000074       0x16 /usr/lib/gcc/avr/13.2.0/avr5/libgcc.a(_copy_data.o)
                0x00000074                __do_copy_data
 *(.init4)
 *(.init5)
 *(.init5)
 *(.init6)
 *(.init6)
 *(.init7)
 *(.init7)
 *(.init8)
 *(.init8)
 *(.init9)
 .init9         0x0000008a        0x8 /usr/lib/gcc/avr/13.2.0/../../../../avr/lib/avr5/crtatmega328p.o
 *(.init9)
 *(.text)
 .text          0x00000092        0x4 /usr/lib/gcc/avr/13.2.0/../../../../avr/lib/avr5/crtatmega328p.o
                0x00000092                __vector_22
                0x00000092                __vector_1
                0x00000092                __vector_24
                0x00000092                __vector_12
                0x00000092                __bad_interrupt
                0x00000092                __vector_6
                0x00000092                __vector_3
                0x00000092                __vector_23
                0x00000092                __vector_25
                0x00000092                __vector_11
                0x00000092                __vector_13
                0x00000092                __vector_17
                0x00000092                __vector_19
                0x00000092                __vector_7
                0x00000092                __vector_5
                0x00000092                __vector_4
                0x00000092                __vector_9
                0x00000092                __vector_2
                0x00000092                __vector_21
                0x00000092                __vector_15
                0x00000092                __vector_8
                0x00000092                __vector_14
                0x00000092                __vector_10
                0x00000092                __vector_16
                0x00000092                __vector_18
                0x00000092                __vector_20
 .text          0x00000096      0x1d0 main.o
                0x00000096                playSound
                0x000001f2                getFrequency
 .text          0x00000266        0x0 /usr/lib/gcc/avr/13.2.0/../../../../avr/lib/avr5/libm.a(addsf3.o)
 .text          0x00000266        0x0 /usr/lib/gcc/avr/13.2.0/../../../../avr/lib/avr5/libm.a(addsf3x.o)
 .text          0x00000266        0x0 /usr/lib/gcc/avr/13.2.0/../../../../avr/lib/avr5/libm.a(cmpsf2.o)
 .text          0x00000266        0x0 /usr/lib/gcc/avr/13.2.0/../../../../avr/lib/avr5/libm.a(divsf3.o)
 .text          0x00000266        0x0 /usr/lib/gcc/avr/13.2.0/../../../../avr/lib/avr5/libm.a(divsf3x.o)
 .text          0x00000266        0x0 /usr/lib/gcc/avr/13.2.0/../../../../avr/lib/avr5/libm.a(fixsfsi.o)
 .text          0x00000266        0x0 /usr/lib/gcc/avr/13.2.0/../../../../avr/lib/avr5/libm.a(fixunssfsi.o)
 .text          0x00000266        0x0 /usr/lib/gcc/avr/13.2.0/../../../../avr/lib/avr5/libm.a(floatsisf.o)
 .text          0x00000266        0x0 /usr/lib/gcc/avr/13.2.0/../../../../avr/lib/avr5/libm.a(fp_cmp.o)
 .text          0x00000266        0x0 /usr/lib/gcc/avr/13.2.0/../../../../avr/lib/avr5/libm.a(fp_inf.o)
 .text          0x00000266        0x0 /usr/lib/gcc/avr/13.2.0/../../../../avr/lib/avr5/libm.a(fp_nan.o)
 .text          0x00000266        0x0 /usr/lib/gcc/avr/13.2.0/../../../../avr/lib/avr5/libm.a(fp_pscA.o)
 .text          0x00000266        0x0 /usr/lib/gcc/avr/13.2.0/../../../../avr/lib/avr5/libm.a(fp_pscB.o)
 .text          0x00000266        0x0 /usr/lib/gcc/avr/13.2.0/../../../../avr/lib/avr5/libm.a(fp_round.o)
 .text          0x00000266        0x0 /usr/lib/gcc/avr/13.2.0/../../../../avr/lib/avr5/libm.a(fp_split3.o)
 .text          0x00000266        0x0 /usr/lib/gcc/avr/13.2.0/../../../../avr/lib/avr5/libm.a(fp_zero.o)
 .text          0x00000266        0x0 /usr/lib/gcc/avr/13.2.0/../../../../avr/lib/avr5/libm.a(mulsf3.o)
 .text          0x00000266        0x0 /usr/lib/gcc/avr/13.2.0/../../../../avr/lib/avr5/libm.a(mulsf3x.o)
 .text          0x00000266        0x0 /usr/lib/gcc/avr/13.2.0/avr5/libgcc.a(_exit.o)
 .text          0x00000266        0x0 /usr/lib/gcc/avr/13.2.0/avr5/libgcc.a(_tablejump2.o)
 .text          0x00000266        0x0 /usr/lib/gcc/avr/13.2.0/avr5/libgcc.a(_copy_data.o)
                0x00000266                        . = ALIGN (0x2)
 *(.text.*)
 .text.startup  0x00000266       0xa4 main.o
                0x00000266                main
 .text.avr-libc.fplib
                0x0000030a        0xe /usr/lib/gcc/avr/13.2.0/../../../../avr/lib/avr5/libm.a(addsf3.o)
                0x0000030a                __subsf3
                0x0000030c                __addsf3
 .text.avr-libc.fplib
                0x00000318       0xcc /usr/lib/gcc/avr/13.2.0/../../../../avr/lib/avr5/libm.a(addsf3x.o)
                0x0000033a                __addsf3x
 .text.avr-libc.fplib
                0x000003e4        0xa /usr/lib/gcc/avr/13.2.0/../../../../avr/lib/avr5/libm.a(cmpsf2.o)
                0x000003e4                __lesf2
                0x000003e4                __nesf2
                0x000003e4                __eqsf2
                0x000003e4                __cmpsf2
                0x000003e4                __ltsf2
 .text.avr-libc.fplib
                0x000003ee        0x8 /usr/lib/gcc/avr/13.2.0/../../../../avr/lib/avr5/libm.a(divsf3.o)
                0x000003ee                __divsf3
 .text.avr-libc.fplib
                0x000003f6       0xdc /usr/lib/gcc/avr/13.2.0/../../../../avr/lib/avr5/libm.a(divsf3x.o)
                0x00000416                __divsf3x
                0x0000041c                __divsf3_pse
 .text.avr-libc.fplib
                0x000004d2        0xe /usr/lib/gcc/avr/13.2.0/../../../../avr/lib/avr5/libm.a(fixsfsi.o)
                0x000004d2                __fixsfsi
 .text.avr-libc.fplib
                0x000004e0       0x5e /usr/lib/gcc/avr/13.2.0/../../../../avr/lib/avr5/libm.a(fixunssfsi.o)
                0x000004e0                __fixunssfsi
 .text.avr-libc.fplib
                0x0000053e       0x7a /usr/lib/gcc/avr/13.2.0/../../../../avr/lib/avr5/libm.a(floatsisf.o)
                0x0000053e                __floatunsisf
                0x00000542                __floatsisf
 .text.avr-libc.fplib
                0x000005b8       0x48 /usr/lib/gcc/avr/13.2.0/../../../../avr/lib/avr5/libm.a(fp_cmp.o)
                0x000005b8                __fp_cmp
 .text.avr-libc.fplib
                0x00000600        0xc /usr/lib/gcc/avr/13.2.0/../../../../avr/lib/avr5/libm.a(fp_inf.o)
                0x00000600                __fp_inf
 .text.avr-libc.fplib
                0x0000060c        0x6 /usr/lib/gcc/avr/13.2.0/../../../../avr/lib/avr5/libm.a(fp_nan.o)
                0x0000060c                __fp_nan
 .text.avr-libc.fplib
                0x00000612        0xe /usr/lib/gcc/avr/13.2.0/../../../../avr/lib/avr5/libm.a(fp_pscA.o)
                0x00000612                __fp_pscA
 .text.avr-libc.fplib
                0x00000620        0xe /usr/lib/gcc/avr/13.2.0/../../../../avr/lib/avr5/libm.a(fp_pscB.o)
                0x00000620                __fp_pscB
 .text.avr-libc.fplib
                0x0000062e       0x22 /usr/lib/gcc/avr/13.2.0/../../../../avr/lib/avr5/libm.a(fp_round.o)
                0x0000062e                __fp_round
 .text.avr-libc.fplib
                0x00000650       0x44 /usr/lib/gcc/avr/13.2.0/../../../../avr/lib/avr5/libm.a(fp_split3.o)
                0x00000650                __fp_split3
                0x00000660                __fp_splitA
 .text.avr-libc.fplib
                0x00000694        0xe /usr/lib/gcc/avr/13.2.0/../../../../avr/lib/avr5/libm.a(fp_zero.o)
                0x00000694                __fp_zero
                0x00000696                __fp_szero
 .text.avr-libc.fplib
                0x000006a2        0x8 /usr/lib/gcc/avr/13.2.0/../../../../avr/lib/avr5/libm.a(mulsf3.o)
                0x000006a2                __mulsf3
 .text.avr-libc.fplib
                0x000006aa       0xd2 /usr/lib/gcc/avr/13.2.0/../../../../avr/lib/avr5/libm.a(mulsf3x.o)
                0x000006c8                __mulsf3x
                0x000006ce                __mulsf3_pse
 .text.libgcc.mul
                0x0000077c        0x0 /usr/lib/gcc/avr/13.2.0/avr5/libgcc.a(_exit.o)
 .text.libgcc.div
                0x0000077c        0x0 /usr/lib/gcc/avr/13.2.0/avr5/libgcc.a(_exit.o)
 .text.libgcc   0x0000077c        0x0 /usr/lib/gcc/avr/13.2.0/avr5/libgcc.a(_exit.o)
 .text.libgcc.prologue
                0x0000077c        0x0 /usr/lib/gcc/avr/13.2.0/avr5/libgcc.a(_exit.o)
 .text.libgcc.builtins
                0x0000077c        0x0 /usr/lib/gcc/avr/13.2.0/avr5/libgcc.a(_exit.o)
 .text.libgcc.fmul
                0x0000077c        0x0 /usr/lib/gcc/avr/13.2.0/avr5/libgcc.a(_exit.o)
 .text.libgcc.fixed
                0x0000077c        0x0 /usr/lib/gcc/avr/13.2.0/avr5/libgcc.a(_exit.o)
 .text.libgcc.mul
                0x0000077c        0x0 /usr/lib/gcc/avr/13.2.0/avr5/libgcc.a(_tablejump2.o)
 .text.libgcc.div
                0x0000077c        0x0 /usr/lib/gcc/avr/13.2.0/avr5/libgcc.a(_tablejump2.o)
 .text.libgcc   0x0000077c        0xc /usr/lib/gcc/avr/13.2.0/avr5/libgcc.a(_tablejump2.o)
                0x0000077c                __tablejump2__
 .text.libgcc.prologue
                0x00000788        0x0 /usr/lib/gcc/avr/13.2.0/avr5/libgcc.a(_tablejump2.o)
 .text.libgcc.builtins
                0x00000788        0x0 /usr/lib/gcc/avr/13.2.0/avr5/libgcc.a(_tablejump2.o)
 .text.libgcc.fmul
                0x00000788        0x0 /usr/lib/gcc/avr/13.2.0/avr5/libgcc.a(_tablejump2.o)
 .text.libgcc.fixed
                0x00000788        0x0 /usr/lib/gcc/avr/13.2.0/avr5/libgcc.a(_tablejump2.o)
 .text.libgcc.mul
                0x00000788        0x0 /usr/lib/gcc/avr/13.2.0/avr5/libgcc.a(_copy_data.o)
 .text.libgcc.div
                0x00000788        0x0 /usr/lib/gcc/avr/13.2.0/avr5/libgcc.a(_copy_data.o)
 .text.libgcc   0x00000788        0x0 /usr/lib/gcc/avr/13.2.0/avr5/libgcc.a(_copy_data.o)
 .text.libgcc.prologue
                0x00000788        0x0 /usr/lib/gcc/avr/13.2.0/avr5/libgcc.a(_copy_data.o)
 .text.libgcc.builtins
                0x00000788        0x0 /usr/lib/gcc/avr/13.2.0/avr5/libgcc.a(_copy_data.o)
 .text.libgcc.fmul
                0x00000788        0x0 /usr/lib/gcc/avr/13.2.0/avr5/libgcc.a(_copy_data.o)
 .text.libgcc.fixed
                0x00000788        0x0 /usr/lib/gcc/avr/13.2.0/avr5/libgcc.a(_copy_data.o)
                0x00000788                        . = ALIGN (0x2)
 *(.fini9)
 .fini9         0x00000788        0x0 /usr/lib/gcc/avr/13.2.0/avr5/libgcc.a(_exit.o)
                0x00000788                exit
                0x00000788                _exit
 *(.fini9)
 *(.fini8)
 *(.fini8)
 *(.fini7)
 *(.fini7)
 *(.fini6)
 *(.fini6)
 *(.fini5)
 *(.fini5)
 *(.fini4)
 *(.fini4)
 *(.fini3)
 *(.fini3)
 *(.fini2)
 *(.fini2)
 *(.fini1)
 *(.fini1)
 *(.fini0)
 .fini0         0x00000788        0x4 /usr/lib/gcc/avr/13.2.0/avr5/libgcc.a(_exit.o)
 *(.fini0)
 *(.hightext)
 *(.hightext*)
 *(.progmemx.*)
                0x0000078c                        . = ALIGN (0x2)
 *(.jumptables)
 *(.jumptables*)
 .jumptables.gcc.getFrequency
                0x0000078c        0xe main.o
                0x0000079a                        _etext = .

.data           0x00800100       0x42 load address 0x0000079a
                0x00800100                        PROVIDE (__data_start = .)
 *(.data)
 .data          0x00800100        0x0 /usr/lib/gcc/avr/13.2.0/../../../../avr/lib/avr5/crtatmega328p.o
 .data          0x00800100        0x6 main.o
                0x00800100                buzzer_p
                0x00800103                buzzer_a
 .data          0x00800106        0x0 /usr/lib/gcc/avr/13.2.0/../../../../avr/lib/avr5/libm.a(addsf3.o)
 .data          0x00800106        0x0 /usr/lib/gcc/avr/13.2.0/../../../../avr/lib/avr5/libm.a(addsf3x.o)
 .data          0x00800106        0x0 /usr/lib/gcc/avr/13.2.0/../../../../avr/lib/avr5/libm.a(cmpsf2.o)
 .data          0x00800106        0x0 /usr/lib/gcc/avr/13.2.0/../../../../avr/lib/avr5/libm.a(divsf3.o)
 .data          0x00800106        0x0 /usr/lib/gcc/avr/13.2.0/../../../../avr/lib/avr5/libm.a(divsf3x.o)
 .data          0x00800106        0x0 /usr/lib/gcc/avr/13.2.0/../../../../avr/lib/avr5/libm.a(fixsfsi.o)
 .data          0x00800106        0x0 /usr/lib/gcc/avr/13.2.0/../../../../avr/lib/avr5/libm.a(fixunssfsi.o)
 .data          0x00800106        0x0 /usr/lib/gcc/avr/13.2.0/../../../../avr/lib/avr5/libm.a(floatsisf.o)
 .data          0x00800106        0x0 /usr/lib/gcc/avr/13.2.0/../../../../avr/lib/avr5/libm.a(fp_cmp.o)
 .data          0x00800106        0x0 /usr/lib/gcc/avr/13.2.0/../../../../avr/lib/avr5/libm.a(fp_inf.o)
 .data          0x00800106        0x0 /usr/lib/gcc/avr/13.2.0/../../../../avr/lib/avr5/libm.a(fp_nan.o)
 .data          0x00800106        0x0 /usr/lib/gcc/avr/13.2.0/../../../../avr/lib/avr5/libm.a(fp_pscA.o)
 .data          0x00800106        0x0 /usr/lib/gcc/avr/13.2.0/../../../../avr/lib/avr5/libm.a(fp_pscB.o)
 .data          0x00800106        0x0 /usr/lib/gcc/avr/13.2.0/../../../../avr/lib/avr5/libm.a(fp_round.o)
 .data          0x00800106        0x0 /usr/lib/gcc/avr/13.2.0/../../../../avr/lib/avr5/libm.a(fp_split3.o)
 .data          0x00800106        0x0 /usr/lib/gcc/avr/13.2.0/../../../../avr/lib/avr5/libm.a(fp_zero.o)
 .data          0x00800106        0x0 /usr/lib/gcc/avr/13.2.0/../../../../avr/lib/avr5/libm.a(mulsf3.o)
 .data          0x00800106        0x0 /usr/lib/gcc/avr/13.2.0/../../../../avr/lib/avr5/libm.a(mulsf3x.o)
 .data          0x00800106        0x0 /usr/lib/gcc/avr/13.2.0/avr5/libgcc.a(_exit.o)
 .data          0x00800106        0x0 /usr/lib/gcc/avr/13.2.0/avr5/libgcc.a(_tablejump2.o)
 .data          0x00800106        0x0 /usr/lib/gcc/avr/13.2.0/avr5/libgcc.a(_copy_data.o)
 *(.data*)
 *(.gnu.linkonce.d*)
 *(.rodata)
 .rodata        0x00800106       0x1c main.o
 *(.rodata*)
 .rodata.str1.1
                0x00800122       0x1f main.o
 *(.gnu.linkonce.r*)
                0x00800142                        . = ALIGN (0x2)
 *fill*         0x00800141        0x1 
                0x00800142                        _edata = .
                0x00800142                        PROVIDE (__data_end = .)

.bss            0x00800142        0x0
                [!provide]                        PROVIDE (__bss_start = .)
 *(.bss)
 .bss           0x00800142        0x0 /usr/lib/gcc/avr/13.2.0/../../../../avr/lib/avr5/crtatmega328p.o
 .bss           0x00800142        0x0 main.o
 .bss           0x00800142        0x0 /usr/lib/gcc/avr/13.2.0/../../../../avr/lib/avr5/libm.a(addsf3.o)
 .bss           0x00800142        0x0 /usr/lib/gcc/avr/13.2.0/../../../../avr/lib/avr5/libm.a(addsf3x.o)
 .bss           0x00800142        0x0 /usr/lib/gcc/avr/13.2.0/../../../../avr/lib/avr5/libm.a(cmpsf2.o)
 .bss           0x00800142        0x0 /usr/lib/gcc/avr/13.2.0/../../../../avr/lib/avr5/libm.a(divsf3.o)
 .bss           0x00800142        0x0 /usr/lib/gcc/avr/13.2.0/../../../../avr/lib/avr5/libm.a(divsf3x.o)
 .bss           0x00800142        0x0 /usr/lib/gcc/avr/13.2.0/../../../../avr/lib/avr5/libm.a(fixsfsi.o)
 .bss           0x00800142        0x0 /usr/lib/gcc/avr/13.2.0/../../../../avr/lib/avr5/libm.a(fixunssfsi.o)
 .bss           0x00800142        0x0 /usr/lib/gcc/avr/13.2.0/../../../../avr/lib/avr5/libm.a(floatsisf.o)
 .bss           0x00800142        0x0 /usr/lib/gcc/avr/13.2.0/../../../../avr/lib/avr5/libm.a(fp_cmp.o)
 .bss           0x00800142        0x0 /usr/lib/gcc/avr/13.2.0/../../../../avr/lib/avr5/libm.a(fp_inf.o)
 .bss           0x00800142        0x0 /usr/lib/gcc/avr/13.2.0/../../../../avr/lib/avr5/libm.a(fp_nan.o)
 .bss           0x00800142        0x0 /usr/lib/gcc/avr/13.2.0/../../../../avr/lib/avr5/libm.a(fp_pscA.o)
 .bss           0x00800142        0x0 /usr/lib/gcc/avr/13.2.0/../../../../avr/lib/avr5/libm.a(fp_pscB.o)
 .bss           0x00800142        0x0 /usr/lib/gcc/avr/13.2.0/../../../../avr/lib/avr5/libm.a(fp_round.o)
 .bss           0x00800142        0x0 /usr/lib/gcc/avr/13.2.0/../../../../avr/lib/avr5/libm.a(fp_split3.o)
 .bss           0x00800142        0x0 /usr/lib/gcc/avr/13.2.0/../../../../avr/lib/avr5/libm.a(fp_zero.o)
 .bss           0x00800142        0x0 /usr/lib/gcc/avr/13.2.0/../../../../avr/lib/avr5/libm.a(mulsf3.o)
 .bss           0x00800142        0x0 /usr/lib/gcc/avr/13.2.0/../../../../avr/lib/avr5/libm.a(mulsf3x.o)
 .bss           0x00800142        0x0 /usr/lib/gcc/avr/13.2.0/avr5/libgcc.a(_exit.o)
 .bss           0x00800142        0x0 /usr/lib/gcc/avr/13.2.0/avr5/libgcc.a(_tablejump2.o)
 .bss           0x00800142        0x0 /usr/lib/gcc/avr/13.2.0/avr5/libgcc.a(_copy_data.o)
 *(.bss*)
 *(COMMON)
                [!provide]                        PROVIDE (__bss_end = .)
                0x0000079a                        __data_load_start = LOADADDR (.data)
                0x000007dc                        __data_load_end = (__data_load_start + SIZEOF (.data))

.noinit         0x00800142        0x0
                [!provide]                        PROVIDE (__noinit_start = .)
 *(.noinit .noinit.* .gnu.linkonce.n.*)
                [!provide]                        PROVIDE (__noinit_end = .)
                0x00800142                        _end = .
                [!provide]                        PROVIDE (__heap_start = .)

.eeprom         0x00810000        0x0
 *(.eeprom*)
                0x00810000                        __eeprom_end = .

.fuse
 *(.fuse)
 *(.lfuse)
 *(.hfuse)
 *(.efuse)

.lock
 *(.lock*)

.signature
 *(.signature*)

.stab
 *(.stab)

.stabstr
 *(.stabstr)

.stab.excl
 *(.stab.excl)

.stab.exclstr
 *(.stab.exclstr)

.stab.index
 *(.stab.index)

.stab.indexstr
 *(.stab.indexstr)

.comment        0x00000000       0x12
 *(.comment)
 .comment       0x00000000       0x12 main.o
                                 0x13 (size before relaxing)

.note.gnu.avr.deviceinfo
                0x00000000       0x40
 .note.gnu.avr.deviceinfo
                0x00000000       0x40 /usr/lib/gcc/avr/13.2.0/../../../../avr/lib/avr5/crtatmega328p.o

.gnu.build.attributes
 *(.gnu.build.attributes .gnu.build.attributes.*)

.note.gnu.build-id
 *(.note.gnu.build-id)

.debug
 *(.debug)

.line
 *(.line)

.debug_srcinfo
 *(.debug_srcinfo)

.debug_sfnames
 *(.debug_sfnames)

.debug_aranges  0x00000000       0x28
 *(.debug_aranges)
 .debug_aranges
                0x00000000       0x28 main.o

.debug_pubnames
 *(.debug_pubnames)

.debug_info     0x00000000      0xb24
 *(.debug_info .gnu.linkonce.wi.*)
 .debug_info    0x00000000      0x5f4 /usr/lib/gcc/avr/13.2.0/../../../../avr/lib/avr5/crtatmega328p.o
 .debug_info    0x000005f4      0x530 main.o

.debug_abbrev   0x00000000      0x857
 *(.debug_abbrev)
 .debug_abbrev  0x00000000      0x5a2 /usr/lib/gcc/avr/13.2.0/../../../../avr/lib/avr5/crtatmega328p.o
 .debug_abbrev  0x000005a2      0x2b5 main.o

.debug_line     0x00000000      0x520
 *(.debug_line .debug_line.* .debug_line_end)
 .debug_line    0x00000000       0x1d /usr/lib/gcc/avr/13.2.0/../../../../avr/lib/avr5/crtatmega328p.o
 .debug_line    0x0000001d      0x503 main.o

.debug_frame    0x00000000       0x98
 *(.debug_frame)
 .debug_frame   0x00000000       0x98 main.o

.debug_str      0x00000000      0x408
 *(.debug_str)
 .debug_str     0x00000000      0x208 /usr/lib/gcc/avr/13.2.0/../../../../avr/lib/avr5/crtatmega328p.o
 .debug_str     0x00000208      0x200 main.o
                                0x239 (size before relaxing)

.debug_loc
 *(.debug_loc)

.debug_macinfo
 *(.debug_macinfo)

.debug_weaknames
 *(.debug_weaknames)

.debug_funcnames
 *(.debug_funcnames)

.debug_typenames
 *(.debug_typenames)

.debug_varnames
 *(.debug_varnames)

.debug_pubtypes
 *(.debug_pubtypes)

.debug_ranges
 *(.debug_ranges)

.debug_addr
 *(.debug_addr)

.debug_line_str
                0x00000000       0x75
 *(.debug_line_str)
 .debug_line_str
                0x00000000       0x75 main.o
                                 0xb2 (size before relaxing)

.debug_loclists
                0x00000000      0x22e
 *(.debug_loclists)
 .debug_loclists
                0x00000000      0x22e main.o

.debug_macro
 *(.debug_macro)

.debug_names
 *(.debug_names)

.debug_rnglists
                0x00000000       0x4c
 *(.debug_rnglists)
 .debug_rnglists
                0x00000000       0x4c main.o

.debug_str_offsets
 *(.debug_str_offsets)

.debug_sup
 *(.debug_sup)
OUTPUT(main.elf elf32-avr)
LOAD linker stubs

Cross Reference Table

Symbol                                            File
__FUSE_REGION_LENGTH__                            /usr/lib/gcc/avr/13.2.0/../../../../avr/lib/avr5/crtatmega328p.o
__addsf3                                          /usr/lib/gcc/avr/13.2.0/../../../../avr/lib/avr5/libm.a(addsf3.o)
__addsf3x                                         /usr/lib/gcc/avr/13.2.0/../../../../avr/lib/avr5/libm.a(addsf3x.o)
                                                  /usr/lib/gcc/avr/13.2.0/../../../../avr/lib/avr5/libm.a(addsf3.o)
__bad_interrupt                                   /usr/lib/gcc/avr/13.2.0/../../../../avr/lib/avr5/crtatmega328p.o
__cmpsf2                                          /usr/lib/gcc/avr/13.2.0/../../../../avr/lib/avr5/libm.a(cmpsf2.o)
__data_end                                        /usr/lib/gcc/avr/13.2.0/avr5/libgcc.a(_copy_data.o)
__data_load_start                                 /usr/lib/gcc/avr/13.2.0/avr5/libgcc.a(_copy_data.o)
__data_start                                      /usr/lib/gcc/avr/13.2.0/avr5/libgcc.a(_copy_data.o)
__divsf3                                          /usr/lib/gcc/avr/13.2.0/../../../../avr/lib/avr5/libm.a(divsf3.o)
                                                  main.o
__divsf3_pse                                      /usr/lib/gcc/avr/13.2.0/../../../../avr/lib/avr5/libm.a(divsf3x.o)
__divsf3x                                         /usr/lib/gcc/avr/13.2.0/../../../../avr/lib/avr5/libm.a(divsf3x.o)
                                                  /usr/lib/gcc/avr/13.2.0/../../../../avr/lib/avr5/libm.a(divsf3.o)
__do_copy_data                                    /usr/lib/gcc/avr/13.2.0/avr5/libgcc.a(_copy_data.o)
                                                  main.o
__eqsf2                                           /usr/lib/gcc/avr/13.2.0/../../../../avr/lib/avr5/libm.a(cmpsf2.o)
__fixsfsi                                         /usr/lib/gcc/avr/13.2.0/../../../../avr/lib/avr5/libm.a(fixsfsi.o)
                                                  main.o
__fixunssfsi                                      /usr/lib/gcc/avr/13.2.0/../../../../avr/lib/avr5/libm.a(fixunssfsi.o)
                                                  /usr/lib/gcc/avr/13.2.0/../../../../avr/lib/avr5/libm.a(fixsfsi.o)
__floatsisf                                       /usr/lib/gcc/avr/13.2.0/../../../../avr/lib/avr5/libm.a(floatsisf.o)
                                                  main.o
__floatunsisf                                     /usr/lib/gcc/avr/13.2.0/../../../../avr/lib/avr5/libm.a(floatsisf.o)
__fp_cmp                                          /usr/lib/gcc/avr/13.2.0/../../../../avr/lib/avr5/libm.a(fp_cmp.o)
                                                  /usr/lib/gcc/avr/13.2.0/../../../../avr/lib/avr5/libm.a(cmpsf2.o)
__fp_inf                                          /usr/lib/gcc/avr/13.2.0/../../../../avr/lib/avr5/libm.a(fp_inf.o)
                                                  /usr/lib/gcc/avr/13.2.0/../../../../avr/lib/avr5/libm.a(mulsf3x.o)
                                                  /usr/lib/gcc/avr/13.2.0/../../../../avr/lib/avr5/libm.a(divsf3x.o)
                                                  /usr/lib/gcc/avr/13.2.0/../../../../avr/lib/avr5/libm.a(addsf3x.o)
__fp_nan                                          /usr/lib/gcc/avr/13.2.0/../../../../avr/lib/avr5/libm.a(fp_nan.o)
                                                  /usr/lib/gcc/avr/13.2.0/../../../../avr/lib/avr5/libm.a(mulsf3x.o)
                                                  /usr/lib/gcc/avr/13.2.0/../../../../avr/lib/avr5/libm.a(divsf3x.o)
                                                  /usr/lib/gcc/avr/13.2.0/../../../../avr/lib/avr5/libm.a(addsf3x.o)
__fp_pscA                                         /usr/lib/gcc/avr/13.2.0/../../../../avr/lib/avr5/libm.a(fp_pscA.o)
                                                  /usr/lib/gcc/avr/13.2.0/../../../../avr/lib/avr5/libm.a(mulsf3x.o)
                                                  /usr/lib/gcc/avr/13.2.0/../../../../avr/lib/avr5/libm.a(divsf3x.o)
                                                  /usr/lib/gcc/avr/13.2.0/../../../../avr/lib/avr5/libm.a(addsf3x.o)
__fp_pscB                                         /usr/lib/gcc/avr/13.2.0/../../../../avr/lib/avr5/libm.a(fp_pscB.o)
                                                  /usr/lib/gcc/avr/13.2.0/../../../../avr/lib/avr5/libm.a(mulsf3x.o)
                                                  /usr/lib/gcc/avr/13.2.0/../../../../avr/lib/avr5/libm.a(divsf3x.o)
                                                  /usr/lib/gcc/avr/13.2.0/../../../../avr/lib/avr5/libm.a(addsf3x.o)
__fp_round                                        /usr/lib/gcc/avr/13.2.0/../../../../avr/lib/avr5/libm.a(fp_round.o)
                                                  /usr/lib/gcc/avr/13.2.0/../../../../avr/lib/avr5/libm.a(mulsf3.o)
                                                  /usr/lib/gcc/avr/13.2.0/../../../../avr/lib/avr5/libm.a(divsf3.o)
                                                  /usr/lib/gcc/avr/13.2.0/../../../../avr/lib/avr5/libm.a(addsf3.o)
__fp_split3                                       /usr/lib/gcc/avr/13.2.0/../../../../avr/lib/avr5/libm.a(fp_split3.o)
                                                  /usr/lib/gcc/avr/13.2.0/../../../../avr/lib/avr5/libm.a(mulsf3x.o)
                                                  /usr/lib/gcc/avr/13.2.0/../../../../avr/lib/avr5/libm.a(divsf3x.o)
                                                  /usr/lib/gcc/avr/13.2.0/../../../../avr/lib/avr5/libm.a(addsf3x.o)
__fp_splitA                                       /usr/lib/gcc/avr/13.2.0/../../../../avr/lib/avr5/libm.a(fp_split3.o)
                                                  /usr/lib/gcc/avr/13.2.0/../../../../avr/lib/avr5/libm.a(fixunssfsi.o)
__fp_szero                                        /usr/lib/gcc/avr/13.2.0/../../../../avr/lib/avr5/libm.a(fp_zero.o)
                                                  /usr/lib/gcc/avr/13.2.0/../../../../avr/lib/avr5/libm.a(mulsf3x.o)
                                                  /usr/lib/gcc/avr/13.2.0/../../../../avr/lib/avr5/libm.a(fixsfsi.o)
                                                  /usr/lib/gcc/avr/13.2.0/../../../../avr/lib/avr5/libm.a(divsf3x.o)
__fp_zero                                         /usr/lib/gcc/avr/13.2.0/../../../../avr/lib/avr5/libm.a(fp_zero.o)
                                                  /usr/lib/gcc/avr/13.2.0/../../../../avr/lib/avr5/libm.a(fixunssfsi.o)
                                                  /usr/lib/gcc/avr/13.2.0/../../../../avr/lib/avr5/libm.a(addsf3x.o)
__heap_end                                        /usr/lib/gcc/avr/13.2.0/../../../../avr/lib/avr5/crtatmega328p.o
__init                                            /usr/lib/gcc/avr/13.2.0/../../../../avr/lib/avr5/crtatmega328p.o
__lesf2                                           /usr/lib/gcc/avr/13.2.0/../../../../avr/lib/avr5/libm.a(cmpsf2.o)
__ltsf2                                           /usr/lib/gcc/avr/13.2.0/../../../../avr/lib/avr5/libm.a(cmpsf2.o)
                                                  main.o
__mulsf3                                          /usr/lib/gcc/avr/13.2.0/../../../../avr/lib/avr5/libm.a(mulsf3.o)
                                                  main.o
__mulsf3_pse                                      /usr/lib/gcc/avr/13.2.0/../../../../avr/lib/avr5/libm.a(mulsf3x.o)
__mulsf3x                                         /usr/lib/gcc/avr/13.2.0/../../../../avr/lib/avr5/libm.a(mulsf3x.o)
                                                  /usr/lib/gcc/avr/13.2.0/../../../../avr/lib/avr5/libm.a(mulsf3.o)
__nesf2                                           /usr/lib/gcc/avr/13.2.0/../../../../avr/lib/avr5/libm.a(cmpsf2.o)
__stack                                           /usr/lib/gcc/avr/13.2.0/../../../../avr/lib/avr5/crtatmega328p.o
__subsf3                                          /usr/lib/gcc/avr/13.2.0/../../../../avr/lib/avr5/libm.a(addsf3.o)
                                                  main.o
__tablejump2__                                    /usr/lib/gcc/avr/13.2.0/avr5/libgcc.a(_tablejump2.o)
                                                  main.o
__vector_1                                        /usr/lib/gcc/avr/13.2.0/../../../../avr/lib/avr5/crtatmega328p.o
__vector_10                                       /usr/lib/gcc/avr/13.2.0/../../../../avr/lib/avr5/crtatmega328p.o
__vector_11                                       /usr/lib/gcc/avr/13.2.0/../../../../avr/lib/avr5/crtatmega328p.o
__vector_12                                       /usr/lib/gcc/avr/13.2.0/../../../../avr/lib/avr5/crtatmega328p.o
__vector_13                                       /usr/lib/gcc/avr/13.2.0/../../../../avr/lib/avr5/crtatmega328p.o
__vector_14                                       /usr/lib/gcc/avr/13.2.0/../../../../avr/lib/avr5/crtatmega328p.o
__vector_15                                       /usr/lib/gcc/avr/13.2.0/../../../../avr/lib/avr5/crtatmega328p.o
__vector_16                                       /usr/lib/gcc/avr/13.2.0/../../../../avr/lib/avr5/crtatmega328p.o
__vector_17                                       /usr/lib/gcc/avr/13.2.0/../../../../avr/lib/avr5/crtatmega328p.o
__vector_18                                       /usr/lib/gcc/avr/13.2.0/../../../../avr/lib/avr5/crtatmega328p.o
__vector_19                                       /usr/lib/gcc/avr/13.2.0/../../../../avr/lib/avr5/crtatmega328p.o
__vector_2                                        /usr/lib/gcc/avr/13.2.0/../../../../avr/lib/avr5/crtatmega328p.o
__vector_20                                       /usr/lib/gcc/avr/13.2.0/../../../../avr/lib/avr5/crtatmega328p.o
__vector_21                                       /usr/lib/gcc/avr/13.2.0/../../../../avr/lib/avr5/crtatmega328p.o
__vector_22                                       /usr/lib/gcc/avr/13.2.0/../../../../avr/lib/avr5/crtatmega328p.o
__vector_23                                       /usr/lib/gcc/avr/13.2.0/../../../../avr/lib/avr5/crtatmega328p.o
__vector_24                                       /usr/lib/gcc/avr/13.2.0/../../../../avr/lib/avr5/crtatmega328p.o
__vector_25                                       /usr/lib/gcc/avr/13.2.0/../../../../avr/lib/avr5/crtatmega328p.o
__vector_3                                        /usr/lib/gcc/avr/13.2.0/../../../../avr/lib/avr5/crtatmega328p.o
__vector_4                                        /usr/lib/gcc/avr/13.2.0/../../../../avr/lib/avr5/crtatmega328p.o
__vector_5                                        /usr/lib/gcc/avr/13.2.0/../../../../avr/lib/avr5/crtatmega328p.o
__vector_6                                        /usr/lib/gcc/avr/13.2.0/../../../../avr/lib/avr5/crtatmega328p.o
__vector_7                                        /usr/lib/gcc/avr/13.2.0/../../../../avr/lib/avr5/crtatmega328p.o
__vector_8                                        /usr/lib/gcc/avr/13.2.0/../../../../avr/lib/avr5/crtatmega328p.o
__vector_9                                        /usr/lib/gcc/avr/13.2.0/../../../../avr/lib/avr5/crtatmega328p.o
__vector_default                                  /usr/lib/gcc/avr/13.2.0/../../../../avr/lib/avr5/crtatmega328p.o
__vectors                                         /usr/lib/gcc/avr/13.2.0/../../../../avr/lib/avr5/crtatmega328p.o
_exit                                             /usr/lib/gcc/avr/13.2.0/avr5/libgcc.a(_exit.o)
buzzer_a                                          main.o
buzzer_p                                          main.o
exit                                              /usr/lib/gcc/avr/13.2.0/avr5/libgcc.a(_exit.o)
                                                  /usr/lib/gcc/avr/13.2.0/../../../../avr/lib/avr5/crtatmega328p.o
getFrequency                                      main.o
main                                              main.o
                                                  /usr/lib/gcc/avr/13.2.0/../../../../avr/lib/avr5/crtatmega328p.o
playSound                                         main.o
