Archive member included to satisfy reference by file (symbol)

/usr/lib/gcc/avr/13.2.0/../../../../avr/lib/avr5/libm.a(floatsisf.o)
                              main.o (__floatsisf)
/usr/lib/gcc/avr/13.2.0/../../../../avr/lib/avr5/libm.a(mulsf3.o)
                              main.o (__mulsf3)
/usr/lib/gcc/avr/13.2.0/../../../../avr/lib/avr5/libm.a(mulsf3x.o)
                              /usr/lib/gcc/avr/13.2.0/../../../../avr/lib/avr5/libm.a(mulsf3.o) (__mulsf3x)
/usr/lib/gcc/avr/13.2.0/../../../../avr/lib/avr5/libm.a(fp_inf.o)
                              /usr/lib/gcc/avr/13.2.0/../../../../avr/lib/avr5/libm.a(mulsf3x.o) (__fp_inf)
/usr/lib/gcc/avr/13.2.0/../../../../avr/lib/avr5/libm.a(fp_nan.o)
                              /usr/lib/gcc/avr/13.2.0/../../../../avr/lib/avr5/libm.a(mulsf3x.o) (__fp_nan)
/usr/lib/gcc/avr/13.2.0/../../../../avr/lib/avr5/libm.a(fp_pscA.o)
                              /usr/lib/gcc/avr/13.2.0/../../../../avr/lib/avr5/libm.a(mulsf3x.o) (__fp_pscA)
/usr/lib/gcc/avr/13.2.0/../../../../avr/lib/avr5/libm.a(fp_pscB.o)
                              /usr/lib/gcc/avr/13.2.0/../../../../avr/lib/avr5/libm.a(mulsf3x.o) (__fp_pscB)
/usr/lib/gcc/avr/13.2.0/../../../../avr/lib/avr5/libm.a(fp_round.o)
                              /usr/lib/gcc/avr/13.2.0/../../../../avr/lib/avr5/libm.a(mulsf3.o) (__fp_round)
/usr/lib/gcc/avr/13.2.0/../../../../avr/lib/avr5/libm.a(fp_split3.o)
                              /usr/lib/gcc/avr/13.2.0/../../../../avr/lib/avr5/libm.a(mulsf3x.o) (__fp_split3)
/usr/lib/gcc/avr/13.2.0/../../../../avr/lib/avr5/libm.a(fp_zero.o)
                              /usr/lib/gcc/avr/13.2.0/../../../../avr/lib/avr5/libm.a(mulsf3x.o) (__fp_szero)
/usr/lib/gcc/avr/13.2.0/avr5/libgcc.a(_exit.o)
                              /usr/lib/gcc/avr/13.2.0/../../../../avr/lib/avr5/crtatmega328p.o (exit)
/usr/lib/gcc/avr/13.2.0/avr5/libgcc.a(_copy_data.o)
                              main.o (__do_copy_data)
/usr/lib/gcc/avr/13.2.0/../../../../avr/lib/avr5/libc.a(dtostrf.o)
                              main.o (dtostrf)
/usr/lib/gcc/avr/13.2.0/../../../../avr/lib/avr5/libc.a(dtoa_prf.o)
                              /usr/lib/gcc/avr/13.2.0/../../../../avr/lib/avr5/libc.a(dtostrf.o) (dtoa_prf)
/usr/lib/gcc/avr/13.2.0/../../../../avr/lib/avr5/libc.a(ftoa_engine.o)
                              /usr/lib/gcc/avr/13.2.0/../../../../avr/lib/avr5/libc.a(dtoa_prf.o) (__ftoa_engine)
/usr/lib/gcc/avr/13.2.0/../../../../avr/lib/avr5/libc.a(memset.o)
                              /usr/lib/gcc/avr/13.2.0/../../../../avr/lib/avr5/libc.a(dtoa_prf.o) (memset)
/usr/lib/gcc/avr/13.2.0/avr5/libgcc.a(_prologue.o)
                              /usr/lib/gcc/avr/13.2.0/../../../../avr/lib/avr5/libc.a(dtoa_prf.o) (__prologue_saves__)
/usr/lib/gcc/avr/13.2.0/avr5/libgcc.a(_epilogue.o)
                              /usr/lib/gcc/avr/13.2.0/../../../../avr/lib/avr5/libc.a(dtoa_prf.o) (__epilogue_restores__)

There are no discarded input sections

Memory Configuration

Name             Origin             Length             Attributes
text             0x00000000         0x00020000         xr
data             0x00800060         0x0000ffa0         rw!x
eeprom           0x00810000         0x00010000         rw!x
fuse             0x00820000         0x00000003         rw!x
lock             0x00830000         0x00000400         rw!x
signature        0x00840000         0x00000400         rw!x
user_signatures  0x00850000         0x00000400         rw!x
*default*        0x00000000         0xffffffff

Linker script and memory map

Address of section .data set to 0x800100
LOAD /usr/lib/gcc/avr/13.2.0/../../../../avr/lib/avr5/crtatmega328p.o
LOAD main.o
LOAD /usr/lib/gcc/avr/13.2.0/../../../../avr/lib/avr5/libm.a
START GROUP
LOAD /usr/lib/gcc/avr/13.2.0/avr5/libgcc.a
LOAD /usr/lib/gcc/avr/13.2.0/../../../../avr/lib/avr5/libm.a
LOAD /usr/lib/gcc/avr/13.2.0/../../../../avr/lib/avr5/libc.a
LOAD /usr/lib/gcc/avr/13.2.0/../../../../avr/lib/avr5/libatmega328p.a
END GROUP
                0x00000000                        __TEXT_REGION_ORIGIN__ = DEFINED (__TEXT_REGION_ORIGIN__)?__TEXT_REGION_ORIGIN__:0x0
                0x00020000                        __TEXT_REGION_LENGTH__ = DEFINED (__TEXT_REGION_LENGTH__)?__TEXT_REGION_LENGTH__:0x20000
                0x00800060                        __DATA_REGION_ORIGIN__ = DEFINED (__DATA_REGION_ORIGIN__)?__DATA_REGION_ORIGIN__:0x800060
                0x0000ffa0                        __DATA_REGION_LENGTH__ = DEFINED (__DATA_REGION_LENGTH__)?__DATA_REGION_LENGTH__:0xffa0
                0x00010000                        __EEPROM_REGION_LENGTH__ = DEFINED (__EEPROM_REGION_LENGTH__)?__EEPROM_REGION_LENGTH__:0x10000
                [0x00000003]                      __FUSE_REGION_LENGTH__ = DEFINED (__FUSE_REGION_LENGTH__)?__FUSE_REGION_LENGTH__:0x400
                0x00000400                        __LOCK_REGION_LENGTH__ = DEFINED (__LOCK_REGION_LENGTH__)?__LOCK_REGION_LENGTH__:0x400
                0x00000400                        __SIGNATURE_REGION_LENGTH__ = DEFINED (__SIGNATURE_REGION_LENGTH__)?__SIGNATURE_REGION_LENGTH__:0x400
                0x00000400                        __USER_SIGNATURE_REGION_LENGTH__ = DEFINED (__USER_SIGNATURE_REGION_LENGTH__)?__USER_SIGNATURE_REGION_LENGTH__:0x400

.hash
 *(.hash)

.dynsym
 *(.dynsym)

.dynstr
 *(.dynstr)

.gnu.version
 *(.gnu.version)

.gnu.version_d
 *(.gnu.version_d)

.gnu.version_r
 *(.gnu.version_r)

.rel.init
 *(.rel.init)

.rela.init
 *(.rela.init)

.rel.text
 *(.rel.text)
 *(.rel.text.*)
 *(.rel.gnu.linkonce.t*)

.rela.text
 *(.rela.text)
 *(.rela.text.*)
 *(.rela.gnu.linkonce.t*)

.rel.fini
 *(.rel.fini)

.rela.fini
 *(.rela.fini)

.rel.rodata
 *(.rel.rodata)
 *(.rel.rodata.*)
 *(.rel.gnu.linkonce.r*)

.rela.rodata
 *(.rela.rodata)
 *(.rela.rodata.*)
 *(.rela.gnu.linkonce.r*)

.rel.data
 *(.rel.data)
 *(.rel.data.*)
 *(.rel.gnu.linkonce.d*)

.rela.data
 *(.rela.data)
 *(.rela.data.*)
 *(.rela.gnu.linkonce.d*)

.rel.ctors
 *(.rel.ctors)

.rela.ctors
 *(.rela.ctors)

.rel.dtors
 *(.rel.dtors)

.rela.dtors
 *(.rela.dtors)

.rel.got
 *(.rel.got)

.rela.got
 *(.rela.got)

.rel.bss
 *(.rel.bss)

.rela.bss
 *(.rela.bss)

.rel.plt
 *(.rel.plt)

.rela.plt
 *(.rela.plt)

.text           0x00000000      0x9c8
 *(.vectors)
 .vectors       0x00000000       0x68 /usr/lib/gcc/avr/13.2.0/../../../../avr/lib/avr5/crtatmega328p.o
                0x00000000                __vectors
                0x00000000                __vector_default
 *(.vectors)
 *(.progmem.gcc*)
                0x00000068                        . = ALIGN (0x2)
                0x00000068                        __trampolines_start = .
 *(.trampolines)
 .trampolines   0x00000068        0x0 linker stubs
 *(.trampolines*)
                0x00000068                        __trampolines_end = .
 *libprintf_flt.a:*(.progmem.data)
 *libc.a:*(.progmem.data)
 .progmem.data  0x00000068       0xfa /usr/lib/gcc/avr/13.2.0/../../../../avr/lib/avr5/libc.a(ftoa_engine.o)
 *(.progmem.*)
                0x00000162                        . = ALIGN (0x2)
 *(.lowtext)
 *(.lowtext*)
                0x00000162                        __ctors_start = .
 *(.ctors)
                0x00000162                        __ctors_end = .
                0x00000162                        __dtors_start = .
 *(.dtors)
                0x00000162                        __dtors_end = .
 SORT_BY_NAME(*)(.ctors)
 SORT_BY_NAME(*)(.dtors)
 *(.init0)
 .init0         0x00000162        0x0 /usr/lib/gcc/avr/13.2.0/../../../../avr/lib/avr5/crtatmega328p.o
                0x00000162                __init
 *(.init0)
 *(.init1)
 *(.init1)
 *(.init2)
 .init2         0x00000162        0xc /usr/lib/gcc/avr/13.2.0/../../../../avr/lib/avr5/crtatmega328p.o
 *(.init2)
 *(.init3)
 *(.init3)
 *(.init4)
 .init4         0x0000016e       0x16 /usr/lib/gcc/avr/13.2.0/avr5/libgcc.a(_copy_data.o)
                0x0000016e                __do_copy_data
 *(.init4)
 *(.init5)
 *(.init5)
 *(.init6)
 *(.init6)
 *(.init7)
 *(.init7)
 *(.init8)
 *(.init8)
 *(.init9)
 .init9         0x00000184        0x8 /usr/lib/gcc/avr/13.2.0/../../../../avr/lib/avr5/crtatmega328p.o
 *(.init9)
 *(.text)
 .text          0x0000018c        0x4 /usr/lib/gcc/avr/13.2.0/../../../../avr/lib/avr5/crtatmega328p.o
                0x0000018c                __vector_22
                0x0000018c                __vector_1
                0x0000018c                __vector_24
                0x0000018c                __vector_12
                0x0000018c                __bad_interrupt
                0x0000018c                __vector_6
                0x0000018c                __vector_3
                0x0000018c                __vector_23
                0x0000018c                __vector_25
                0x0000018c                __vector_11
                0x0000018c                __vector_13
                0x0000018c                __vector_17
                0x0000018c                __vector_19
                0x0000018c                __vector_7
                0x0000018c                __vector_5
                0x0000018c                __vector_4
                0x0000018c                __vector_9
                0x0000018c                __vector_2
                0x0000018c                __vector_21
                0x0000018c                __vector_15
                0x0000018c                __vector_8
                0x0000018c                __vector_14
                0x0000018c                __vector_10
                0x0000018c                __vector_16
                0x0000018c                __vector_18
                0x0000018c                __vector_20
 .text          0x00000190       0x54 main.o
                0x00000190                USART_init
                0x000001a6                USART_Transmit
                0x000001b4                transmit_text
                0x000001cc                get_pulse
 .text          0x000001e4        0x0 /usr/lib/gcc/avr/13.2.0/../../../../avr/lib/avr5/libm.a(floatsisf.o)
 .text          0x000001e4        0x0 /usr/lib/gcc/avr/13.2.0/../../../../avr/lib/avr5/libm.a(mulsf3.o)
 .text          0x000001e4        0x0 /usr/lib/gcc/avr/13.2.0/../../../../avr/lib/avr5/libm.a(mulsf3x.o)
 .text          0x000001e4        0x0 /usr/lib/gcc/avr/13.2.0/../../../../avr/lib/avr5/libm.a(fp_inf.o)
 .text          0x000001e4        0x0 /usr/lib/gcc/avr/13.2.0/../../../../avr/lib/avr5/libm.a(fp_nan.o)
 .text          0x000001e4        0x0 /usr/lib/gcc/avr/13.2.0/../../../../avr/lib/avr5/libm.a(fp_pscA.o)
 .text          0x000001e4        0x0 /usr/lib/gcc/avr/13.2.0/../../../../avr/lib/avr5/libm.a(fp_pscB.o)
 .text          0x000001e4        0x0 /usr/lib/gcc/avr/13.2.0/../../../../avr/lib/avr5/libm.a(fp_round.o)
 .text          0x000001e4        0x0 /usr/lib/gcc/avr/13.2.0/../../../../avr/lib/avr5/libm.a(fp_split3.o)
 .text          0x000001e4        0x0 /usr/lib/gcc/avr/13.2.0/../../../../avr/lib/avr5/libm.a(fp_zero.o)
 .text          0x000001e4        0x0 /usr/lib/gcc/avr/13.2.0/avr5/libgcc.a(_exit.o)
 .text          0x000001e4        0x0 /usr/lib/gcc/avr/13.2.0/avr5/libgcc.a(_copy_data.o)
 .text          0x000001e4        0x0 /usr/lib/gcc/avr/13.2.0/../../../../avr/lib/avr5/libc.a(dtostrf.o)
 .text          0x000001e4        0x0 /usr/lib/gcc/avr/13.2.0/../../../../avr/lib/avr5/libc.a(dtoa_prf.o)
 .text          0x000001e4        0x0 /usr/lib/gcc/avr/13.2.0/../../../../avr/lib/avr5/libc.a(ftoa_engine.o)
 .text          0x000001e4        0x0 /usr/lib/gcc/avr/13.2.0/../../../../avr/lib/avr5/libc.a(memset.o)
 .text          0x000001e4        0x0 /usr/lib/gcc/avr/13.2.0/avr5/libgcc.a(_prologue.o)
 .text          0x000001e4        0x0 /usr/lib/gcc/avr/13.2.0/avr5/libgcc.a(_epilogue.o)
                0x000001e4                        . = ALIGN (0x2)
 *(.text.*)
 .text.startup  0x000001e4       0xe0 main.o
                0x000001e4                main
 .text.avr-libc.fplib
                0x000002c4       0x7a /usr/lib/gcc/avr/13.2.0/../../../../avr/lib/avr5/libm.a(floatsisf.o)
                0x000002c4                __floatunsisf
                0x000002c8                __floatsisf
 .text.avr-libc.fplib
                0x0000033e        0x8 /usr/lib/gcc/avr/13.2.0/../../../../avr/lib/avr5/libm.a(mulsf3.o)
                0x0000033e                __mulsf3
 .text.avr-libc.fplib
                0x00000346       0xd2 /usr/lib/gcc/avr/13.2.0/../../../../avr/lib/avr5/libm.a(mulsf3x.o)
                0x00000364                __mulsf3x
                0x0000036a                __mulsf3_pse
 .text.avr-libc.fplib
                0x00000418        0xc /usr/lib/gcc/avr/13.2.0/../../../../avr/lib/avr5/libm.a(fp_inf.o)
                0x00000418                __fp_inf
 .text.avr-libc.fplib
                0x00000424        0x6 /usr/lib/gcc/avr/13.2.0/../../../../avr/lib/avr5/libm.a(fp_nan.o)
                0x00000424                __fp_nan
 .text.avr-libc.fplib
                0x0000042a        0xe /usr/lib/gcc/avr/13.2.0/../../../../avr/lib/avr5/libm.a(fp_pscA.o)
                0x0000042a                __fp_pscA
 .text.avr-libc.fplib
                0x00000438        0xe /usr/lib/gcc/avr/13.2.0/../../../../avr/lib/avr5/libm.a(fp_pscB.o)
                0x00000438                __fp_pscB
 .text.avr-libc.fplib
                0x00000446       0x22 /usr/lib/gcc/avr/13.2.0/../../../../avr/lib/avr5/libm.a(fp_round.o)
                0x00000446                __fp_round
 .text.avr-libc.fplib
                0x00000468       0x44 /usr/lib/gcc/avr/13.2.0/../../../../avr/lib/avr5/libm.a(fp_split3.o)
                0x00000468                __fp_split3
                0x00000478                __fp_splitA
 .text.avr-libc.fplib
                0x000004ac        0xe /usr/lib/gcc/avr/13.2.0/../../../../avr/lib/avr5/libm.a(fp_zero.o)
                0x000004ac                __fp_zero
                0x000004ae                __fp_szero
 .text.libgcc.mul
                0x000004ba        0x0 /usr/lib/gcc/avr/13.2.0/avr5/libgcc.a(_exit.o)
 .text.libgcc.div
                0x000004ba        0x0 /usr/lib/gcc/avr/13.2.0/avr5/libgcc.a(_exit.o)
 .text.libgcc   0x000004ba        0x0 /usr/lib/gcc/avr/13.2.0/avr5/libgcc.a(_exit.o)
 .text.libgcc.prologue
                0x000004ba        0x0 /usr/lib/gcc/avr/13.2.0/avr5/libgcc.a(_exit.o)
 .text.libgcc.builtins
                0x000004ba        0x0 /usr/lib/gcc/avr/13.2.0/avr5/libgcc.a(_exit.o)
 .text.libgcc.fmul
                0x000004ba        0x0 /usr/lib/gcc/avr/13.2.0/avr5/libgcc.a(_exit.o)
 .text.libgcc.fixed
                0x000004ba        0x0 /usr/lib/gcc/avr/13.2.0/avr5/libgcc.a(_exit.o)
 .text.libgcc.mul
                0x000004ba        0x0 /usr/lib/gcc/avr/13.2.0/avr5/libgcc.a(_copy_data.o)
 .text.libgcc.div
                0x000004ba        0x0 /usr/lib/gcc/avr/13.2.0/avr5/libgcc.a(_copy_data.o)
 .text.libgcc   0x000004ba        0x0 /usr/lib/gcc/avr/13.2.0/avr5/libgcc.a(_copy_data.o)
 .text.libgcc.prologue
                0x000004ba        0x0 /usr/lib/gcc/avr/13.2.0/avr5/libgcc.a(_copy_data.o)
 .text.libgcc.builtins
                0x000004ba        0x0 /usr/lib/gcc/avr/13.2.0/avr5/libgcc.a(_copy_data.o)
 .text.libgcc.fmul
                0x000004ba        0x0 /usr/lib/gcc/avr/13.2.0/avr5/libgcc.a(_copy_data.o)
 .text.libgcc.fixed
                0x000004ba        0x0 /usr/lib/gcc/avr/13.2.0/avr5/libgcc.a(_copy_data.o)
 .text.avr-libc
                0x000004ba       0x42 /usr/lib/gcc/avr/13.2.0/../../../../avr/lib/avr5/libc.a(dtostrf.o)
                0x000004ba                dtostrf
 .text.avr-libc
                0x000004fc      0x29c /usr/lib/gcc/avr/13.2.0/../../../../avr/lib/avr5/libc.a(dtoa_prf.o)
                0x000004fc                dtoa_prf
 .text.avr-libc
                0x00000798      0x1b0 /usr/lib/gcc/avr/13.2.0/../../../../avr/lib/avr5/libc.a(ftoa_engine.o)
                0x00000798                __ftoa_engine
 .text.avr-libc
                0x00000948        0xe /usr/lib/gcc/avr/13.2.0/../../../../avr/lib/avr5/libc.a(memset.o)
                0x00000948                memset
 .text.libgcc.mul
                0x00000956        0x0 /usr/lib/gcc/avr/13.2.0/avr5/libgcc.a(_prologue.o)
 .text.libgcc.div
                0x00000956        0x0 /usr/lib/gcc/avr/13.2.0/avr5/libgcc.a(_prologue.o)
 .text.libgcc   0x00000956        0x0 /usr/lib/gcc/avr/13.2.0/avr5/libgcc.a(_prologue.o)
 .text.libgcc.prologue
                0x00000956       0x38 /usr/lib/gcc/avr/13.2.0/avr5/libgcc.a(_prologue.o)
                0x00000956                __prologue_saves__
 .text.libgcc.builtins
                0x0000098e        0x0 /usr/lib/gcc/avr/13.2.0/avr5/libgcc.a(_prologue.o)
 .text.libgcc.fmul
                0x0000098e        0x0 /usr/lib/gcc/avr/13.2.0/avr5/libgcc.a(_prologue.o)
 .text.libgcc.fixed
                0x0000098e        0x0 /usr/lib/gcc/avr/13.2.0/avr5/libgcc.a(_prologue.o)
 .text.libgcc.mul
                0x0000098e        0x0 /usr/lib/gcc/avr/13.2.0/avr5/libgcc.a(_epilogue.o)
 .text.libgcc.div
                0x0000098e        0x0 /usr/lib/gcc/avr/13.2.0/avr5/libgcc.a(_epilogue.o)
 .text.libgcc   0x0000098e        0x0 /usr/lib/gcc/avr/13.2.0/avr5/libgcc.a(_epilogue.o)
 .text.libgcc.prologue
                0x0000098e       0x36 /usr/lib/gcc/avr/13.2.0/avr5/libgcc.a(_epilogue.o)
                0x0000098e                __epilogue_restores__
 .text.libgcc.builtins
                0x000009c4        0x0 /usr/lib/gcc/avr/13.2.0/avr5/libgcc.a(_epilogue.o)
 .text.libgcc.fmul
                0x000009c4        0x0 /usr/lib/gcc/avr/13.2.0/avr5/libgcc.a(_epilogue.o)
 .text.libgcc.fixed
                0x000009c4        0x0 /usr/lib/gcc/avr/13.2.0/avr5/libgcc.a(_epilogue.o)
                0x000009c4                        . = ALIGN (0x2)
 *(.fini9)
 .fini9         0x000009c4        0x0 /usr/lib/gcc/avr/13.2.0/avr5/libgcc.a(_exit.o)
                0x000009c4                exit
                0x000009c4                _exit
 *(.fini9)
 *(.fini8)
 *(.fini8)
 *(.fini7)
 *(.fini7)
 *(.fini6)
 *(.fini6)
 *(.fini5)
 *(.fini5)
 *(.fini4)
 *(.fini4)
 *(.fini3)
 *(.fini3)
 *(.fini2)
 *(.fini2)
 *(.fini1)
 *(.fini1)
 *(.fini0)
 .fini0         0x000009c4        0x4 /usr/lib/gcc/avr/13.2.0/avr5/libgcc.a(_exit.o)
 *(.fini0)
 *(.hightext)
 *(.hightext*)
 *(.progmemx.*)
                0x000009c8                        . = ALIGN (0x2)
 *(.jumptables)
 *(.jumptables*)
                0x000009c8                        _etext = .

.data           0x00800100        0x8 load address 0x000009c8
                0x00800100                        PROVIDE (__data_start = .)
 *(.data)
 .data          0x00800100        0x0 /usr/lib/gcc/avr/13.2.0/../../../../avr/lib/avr5/crtatmega328p.o
 .data          0x00800100        0x0 main.o
 .data          0x00800100        0x0 /usr/lib/gcc/avr/13.2.0/../../../../avr/lib/avr5/libm.a(floatsisf.o)
 .data          0x00800100        0x0 /usr/lib/gcc/avr/13.2.0/../../../../avr/lib/avr5/libm.a(mulsf3.o)
 .data          0x00800100        0x0 /usr/lib/gcc/avr/13.2.0/../../../../avr/lib/avr5/libm.a(mulsf3x.o)
 .data          0x00800100        0x0 /usr/lib/gcc/avr/13.2.0/../../../../avr/lib/avr5/libm.a(fp_inf.o)
 .data          0x00800100        0x0 /usr/lib/gcc/avr/13.2.0/../../../../avr/lib/avr5/libm.a(fp_nan.o)
 .data          0x00800100        0x0 /usr/lib/gcc/avr/13.2.0/../../../../avr/lib/avr5/libm.a(fp_pscA.o)
 .data          0x00800100        0x0 /usr/lib/gcc/avr/13.2.0/../../../../avr/lib/avr5/libm.a(fp_pscB.o)
 .data          0x00800100        0x0 /usr/lib/gcc/avr/13.2.0/../../../../avr/lib/avr5/libm.a(fp_round.o)
 .data          0x00800100        0x0 /usr/lib/gcc/avr/13.2.0/../../../../avr/lib/avr5/libm.a(fp_split3.o)
 .data          0x00800100        0x0 /usr/lib/gcc/avr/13.2.0/../../../../avr/lib/avr5/libm.a(fp_zero.o)
 .data          0x00800100        0x0 /usr/lib/gcc/avr/13.2.0/avr5/libgcc.a(_exit.o)
 .data          0x00800100        0x0 /usr/lib/gcc/avr/13.2.0/avr5/libgcc.a(_copy_data.o)
 .data          0x00800100        0x0 /usr/lib/gcc/avr/13.2.0/../../../../avr/lib/avr5/libc.a(dtostrf.o)
 .data          0x00800100        0x0 /usr/lib/gcc/avr/13.2.0/../../../../avr/lib/avr5/libc.a(dtoa_prf.o)
 .data          0x00800100        0x0 /usr/lib/gcc/avr/13.2.0/../../../../avr/lib/avr5/libc.a(ftoa_engine.o)
 .data          0x00800100        0x0 /usr/lib/gcc/avr/13.2.0/../../../../avr/lib/avr5/libc.a(memset.o)
 .data          0x00800100        0x0 /usr/lib/gcc/avr/13.2.0/avr5/libgcc.a(_prologue.o)
 .data          0x00800100        0x0 /usr/lib/gcc/avr/13.2.0/avr5/libgcc.a(_epilogue.o)
 *(.data*)
 *(.gnu.linkonce.d*)
 *(.rodata)
 *(.rodata*)
 .rodata.str1.1
                0x00800100        0x8 main.o
 *(.gnu.linkonce.r*)
                0x00800108                        . = ALIGN (0x2)
                0x00800108                        _edata = .
                0x00800108                        PROVIDE (__data_end = .)

.bss            0x00800108        0x0
                [!provide]                        PROVIDE (__bss_start = .)
 *(.bss)
 .bss           0x00800108        0x0 /usr/lib/gcc/avr/13.2.0/../../../../avr/lib/avr5/crtatmega328p.o
 .bss           0x00800108        0x0 main.o
 .bss           0x00800108        0x0 /usr/lib/gcc/avr/13.2.0/../../../../avr/lib/avr5/libm.a(floatsisf.o)
 .bss           0x00800108        0x0 /usr/lib/gcc/avr/13.2.0/../../../../avr/lib/avr5/libm.a(mulsf3.o)
 .bss           0x00800108        0x0 /usr/lib/gcc/avr/13.2.0/../../../../avr/lib/avr5/libm.a(mulsf3x.o)
 .bss           0x00800108        0x0 /usr/lib/gcc/avr/13.2.0/../../../../avr/lib/avr5/libm.a(fp_inf.o)
 .bss           0x00800108        0x0 /usr/lib/gcc/avr/13.2.0/../../../../avr/lib/avr5/libm.a(fp_nan.o)
 .bss           0x00800108        0x0 /usr/lib/gcc/avr/13.2.0/../../../../avr/lib/avr5/libm.a(fp_pscA.o)
 .bss           0x00800108        0x0 /usr/lib/gcc/avr/13.2.0/../../../../avr/lib/avr5/libm.a(fp_pscB.o)
 .bss           0x00800108        0x0 /usr/lib/gcc/avr/13.2.0/../../../../avr/lib/avr5/libm.a(fp_round.o)
 .bss           0x00800108        0x0 /usr/lib/gcc/avr/13.2.0/../../../../avr/lib/avr5/libm.a(fp_split3.o)
 .bss           0x00800108        0x0 /usr/lib/gcc/avr/13.2.0/../../../../avr/lib/avr5/libm.a(fp_zero.o)
 .bss           0x00800108        0x0 /usr/lib/gcc/avr/13.2.0/avr5/libgcc.a(_exit.o)
 .bss           0x00800108        0x0 /usr/lib/gcc/avr/13.2.0/avr5/libgcc.a(_copy_data.o)
 .bss           0x00800108        0x0 /usr/lib/gcc/avr/13.2.0/../../../../avr/lib/avr5/libc.a(dtostrf.o)
 .bss           0x00800108        0x0 /usr/lib/gcc/avr/13.2.0/../../../../avr/lib/avr5/libc.a(dtoa_prf.o)
 .bss           0x00800108        0x0 /usr/lib/gcc/avr/13.2.0/../../../../avr/lib/avr5/libc.a(ftoa_engine.o)
 .bss           0x00800108        0x0 /usr/lib/gcc/avr/13.2.0/../../../../avr/lib/avr5/libc.a(memset.o)
 .bss           0x00800108        0x0 /usr/lib/gcc/avr/13.2.0/avr5/libgcc.a(_prologue.o)
 .bss           0x00800108        0x0 /usr/lib/gcc/avr/13.2.0/avr5/libgcc.a(_epilogue.o)
 *(.bss*)
 *(COMMON)
                [!provide]                        PROVIDE (__bss_end = .)
                0x000009c8                        __data_load_start = LOADADDR (.data)
                0x000009d0                        __data_load_end = (__data_load_start + SIZEOF (.data))

.noinit         0x00800108        0x0
                [!provide]                        PROVIDE (__noinit_start = .)
 *(.noinit .noinit.* .gnu.linkonce.n.*)
                [!provide]                        PROVIDE (__noinit_end = .)
                0x00800108                        _end = .
                [!provide]                        PROVIDE (__heap_start = .)
                [!provide]                        PROVIDE (__flmap_init_label = DEFINED (__flmap_noinit_start)?__flmap_noinit_start:0x0)
                [!provide]                        PROVIDE (__flmap = DEFINED (__flmap)?__flmap:0x0)

.eeprom         0x00810000        0x0
 *(.eeprom*)
                0x00810000                        __eeprom_end = .

.fuse
 *(.fuse)
 *(.lfuse)
 *(.hfuse)
 *(.efuse)

.lock
 *(.lock*)

.signature
 *(.signature*)

.stab
 *(.stab)

.stabstr
 *(.stabstr)

.stab.excl
 *(.stab.excl)

.stab.exclstr
 *(.stab.exclstr)

.stab.index
 *(.stab.index)

.stab.indexstr
 *(.stab.indexstr)

.comment        0x00000000       0x12
 *(.comment)
 .comment       0x00000000       0x12 main.o
                                 0x13 (size before relaxing)
 .comment       0x00000012       0x13 /usr/lib/gcc/avr/13.2.0/../../../../avr/lib/avr5/libc.a(dtostrf.o)
 .comment       0x00000012       0x13 /usr/lib/gcc/avr/13.2.0/../../../../avr/lib/avr5/libc.a(dtoa_prf.o)

.note.gnu.avr.deviceinfo
                0x00000000       0x40
 .note.gnu.avr.deviceinfo
                0x00000000       0x40 /usr/lib/gcc/avr/13.2.0/../../../../avr/lib/avr5/crtatmega328p.o

.gnu.build.attributes
 *(.gnu.build.attributes .gnu.build.attributes.*)

.note.gnu.build-id
 *(.note.gnu.build-id)

.debug
 *(.debug)

.line
 *(.line)

.debug_srcinfo
 *(.debug_srcinfo)

.debug_sfnames
 *(.debug_sfnames)

.debug_aranges  0x00000000       0x28
 *(.debug_aranges)
 .debug_aranges
                0x00000000       0x28 main.o

.debug_pubnames
 *(.debug_pubnames)

.debug_info     0x00000000      0xa57
 *(.debug_info .gnu.linkonce.wi.*)
 .debug_info    0x00000000      0x5f4 /usr/lib/gcc/avr/13.2.0/../../../../avr/lib/avr5/crtatmega328p.o
 .debug_info    0x000005f4      0x463 main.o

.debug_abbrev   0x00000000      0x7cc
 *(.debug_abbrev)
 .debug_abbrev  0x00000000      0x5a2 /usr/lib/gcc/avr/13.2.0/../../../../avr/lib/avr5/crtatmega328p.o
 .debug_abbrev  0x000005a2      0x22a main.o

.debug_line     0x00000000      0x495
 *(.debug_line .debug_line.* .debug_line_end)
 .debug_line    0x00000000       0x1d /usr/lib/gcc/avr/13.2.0/../../../../avr/lib/avr5/crtatmega328p.o
 .debug_line    0x0000001d      0x478 main.o

.debug_frame    0x00000000       0x78
 *(.debug_frame)
 .debug_frame   0x00000000       0x78 main.o

.debug_str      0x00000000      0x3de
 *(.debug_str)
 .debug_str     0x00000000      0x208 /usr/lib/gcc/avr/13.2.0/../../../../avr/lib/avr5/crtatmega328p.o
 .debug_str     0x00000208      0x1d6 main.o
                                0x20f (size before relaxing)

.debug_loc
 *(.debug_loc)

.debug_macinfo
 *(.debug_macinfo)

.debug_weaknames
 *(.debug_weaknames)

.debug_funcnames
 *(.debug_funcnames)

.debug_typenames
 *(.debug_typenames)

.debug_varnames
 *(.debug_varnames)

.debug_pubtypes
 *(.debug_pubtypes)

.debug_ranges
 *(.debug_ranges)

.debug_addr
 *(.debug_addr)

.debug_line_str
                0x00000000       0x7e
 *(.debug_line_str)
 .debug_line_str
                0x00000000       0x7e main.o
                                 0xbb (size before relaxing)

.debug_loclists
                0x00000000      0x197
 *(.debug_loclists)
 .debug_loclists
                0x00000000      0x197 main.o

.debug_macro
 *(.debug_macro)

.debug_names
 *(.debug_names)

.debug_rnglists
                0x00000000       0x2c
 *(.debug_rnglists)
 .debug_rnglists
                0x00000000       0x2c main.o

.debug_str_offsets
 *(.debug_str_offsets)

.debug_sup
 *(.debug_sup)
OUTPUT(main.elf elf32-avr)
LOAD linker stubs

Cross Reference Table

Symbol                                            File
USART_Transmit                                    main.o
USART_init                                        main.o
__FUSE_REGION_LENGTH__                            /usr/lib/gcc/avr/13.2.0/../../../../avr/lib/avr5/crtatmega328p.o
__bad_interrupt                                   /usr/lib/gcc/avr/13.2.0/../../../../avr/lib/avr5/crtatmega328p.o
__data_end                                        /usr/lib/gcc/avr/13.2.0/avr5/libgcc.a(_copy_data.o)
__data_load_start                                 /usr/lib/gcc/avr/13.2.0/avr5/libgcc.a(_copy_data.o)
__data_start                                      /usr/lib/gcc/avr/13.2.0/avr5/libgcc.a(_copy_data.o)
__do_copy_data                                    /usr/lib/gcc/avr/13.2.0/avr5/libgcc.a(_copy_data.o)
                                                  main.o
__epilogue_restores__                             /usr/lib/gcc/avr/13.2.0/avr5/libgcc.a(_epilogue.o)
                                                  /usr/lib/gcc/avr/13.2.0/../../../../avr/lib/avr5/libc.a(dtoa_prf.o)
__floatsisf                                       /usr/lib/gcc/avr/13.2.0/../../../../avr/lib/avr5/libm.a(floatsisf.o)
                                                  main.o
__floatunsisf                                     /usr/lib/gcc/avr/13.2.0/../../../../avr/lib/avr5/libm.a(floatsisf.o)
__fp_inf                                          /usr/lib/gcc/avr/13.2.0/../../../../avr/lib/avr5/libm.a(fp_inf.o)
                                                  /usr/lib/gcc/avr/13.2.0/../../../../avr/lib/avr5/libm.a(mulsf3x.o)
__fp_nan                                          /usr/lib/gcc/avr/13.2.0/../../../../avr/lib/avr5/libm.a(fp_nan.o)
                                                  /usr/lib/gcc/avr/13.2.0/../../../../avr/lib/avr5/libm.a(mulsf3x.o)
__fp_pscA                                         /usr/lib/gcc/avr/13.2.0/../../../../avr/lib/avr5/libm.a(fp_pscA.o)
                                                  /usr/lib/gcc/avr/13.2.0/../../../../avr/lib/avr5/libm.a(mulsf3x.o)
__fp_pscB                                         /usr/lib/gcc/avr/13.2.0/../../../../avr/lib/avr5/libm.a(fp_pscB.o)
                                                  /usr/lib/gcc/avr/13.2.0/../../../../avr/lib/avr5/libm.a(mulsf3x.o)
__fp_round                                        /usr/lib/gcc/avr/13.2.0/../../../../avr/lib/avr5/libm.a(fp_round.o)
                                                  /usr/lib/gcc/avr/13.2.0/../../../../avr/lib/avr5/libm.a(mulsf3.o)
__fp_split3                                       /usr/lib/gcc/avr/13.2.0/../../../../avr/lib/avr5/libm.a(fp_split3.o)
                                                  /usr/lib/gcc/avr/13.2.0/../../../../avr/lib/avr5/libm.a(mulsf3x.o)
__fp_splitA                                       /usr/lib/gcc/avr/13.2.0/../../../../avr/lib/avr5/libm.a(fp_split3.o)
__fp_szero                                        /usr/lib/gcc/avr/13.2.0/../../../../avr/lib/avr5/libm.a(fp_zero.o)
                                                  /usr/lib/gcc/avr/13.2.0/../../../../avr/lib/avr5/libm.a(mulsf3x.o)
__fp_zero                                         /usr/lib/gcc/avr/13.2.0/../../../../avr/lib/avr5/libm.a(fp_zero.o)
__ftoa_engine                                     /usr/lib/gcc/avr/13.2.0/../../../../avr/lib/avr5/libc.a(ftoa_engine.o)
                                                  /usr/lib/gcc/avr/13.2.0/../../../../avr/lib/avr5/libc.a(dtoa_prf.o)
__heap_end                                        /usr/lib/gcc/avr/13.2.0/../../../../avr/lib/avr5/crtatmega328p.o
__init                                            /usr/lib/gcc/avr/13.2.0/../../../../avr/lib/avr5/crtatmega328p.o
__mulsf3                                          /usr/lib/gcc/avr/13.2.0/../../../../avr/lib/avr5/libm.a(mulsf3.o)
                                                  main.o
__mulsf3_pse                                      /usr/lib/gcc/avr/13.2.0/../../../../avr/lib/avr5/libm.a(mulsf3x.o)
__mulsf3x                                         /usr/lib/gcc/avr/13.2.0/../../../../avr/lib/avr5/libm.a(mulsf3x.o)
                                                  /usr/lib/gcc/avr/13.2.0/../../../../avr/lib/avr5/libm.a(mulsf3.o)
__prologue_saves__                                /usr/lib/gcc/avr/13.2.0/avr5/libgcc.a(_prologue.o)
                                                  /usr/lib/gcc/avr/13.2.0/../../../../avr/lib/avr5/libc.a(dtoa_prf.o)
__stack                                           /usr/lib/gcc/avr/13.2.0/../../../../avr/lib/avr5/crtatmega328p.o
__vector_1                                        /usr/lib/gcc/avr/13.2.0/../../../../avr/lib/avr5/crtatmega328p.o
__vector_10                                       /usr/lib/gcc/avr/13.2.0/../../../../avr/lib/avr5/crtatmega328p.o
__vector_11                                       /usr/lib/gcc/avr/13.2.0/../../../../avr/lib/avr5/crtatmega328p.o
__vector_12                                       /usr/lib/gcc/avr/13.2.0/../../../../avr/lib/avr5/crtatmega328p.o
__vector_13                                       /usr/lib/gcc/avr/13.2.0/../../../../avr/lib/avr5/crtatmega328p.o
__vector_14                                       /usr/lib/gcc/avr/13.2.0/../../../../avr/lib/avr5/crtatmega328p.o
__vector_15                                       /usr/lib/gcc/avr/13.2.0/../../../../avr/lib/avr5/crtatmega328p.o
__vector_16                                       /usr/lib/gcc/avr/13.2.0/../../../../avr/lib/avr5/crtatmega328p.o
__vector_17                                       /usr/lib/gcc/avr/13.2.0/../../../../avr/lib/avr5/crtatmega328p.o
__vector_18                                       /usr/lib/gcc/avr/13.2.0/../../../../avr/lib/avr5/crtatmega328p.o
__vector_19                                       /usr/lib/gcc/avr/13.2.0/../../../../avr/lib/avr5/crtatmega328p.o
__vector_2                                        /usr/lib/gcc/avr/13.2.0/../../../../avr/lib/avr5/crtatmega328p.o
__vector_20                                       /usr/lib/gcc/avr/13.2.0/../../../../avr/lib/avr5/crtatmega328p.o
__vector_21                                       /usr/lib/gcc/avr/13.2.0/../../../../avr/lib/avr5/crtatmega328p.o
__vector_22                                       /usr/lib/gcc/avr/13.2.0/../../../../avr/lib/avr5/crtatmega328p.o
__vector_23                                       /usr/lib/gcc/avr/13.2.0/../../../../avr/lib/avr5/crtatmega328p.o
__vector_24                                       /usr/lib/gcc/avr/13.2.0/../../../../avr/lib/avr5/crtatmega328p.o
__vector_25                                       /usr/lib/gcc/avr/13.2.0/../../../../avr/lib/avr5/crtatmega328p.o
__vector_3                                        /usr/lib/gcc/avr/13.2.0/../../../../avr/lib/avr5/crtatmega328p.o
__vector_4                                        /usr/lib/gcc/avr/13.2.0/../../../../avr/lib/avr5/crtatmega328p.o
__vector_5                                        /usr/lib/gcc/avr/13.2.0/../../../../avr/lib/avr5/crtatmega328p.o
__vector_6                                        /usr/lib/gcc/avr/13.2.0/../../../../avr/lib/avr5/crtatmega328p.o
__vector_7                                        /usr/lib/gcc/avr/13.2.0/../../../../avr/lib/avr5/crtatmega328p.o
__vector_8                                        /usr/lib/gcc/avr/13.2.0/../../../../avr/lib/avr5/crtatmega328p.o
__vector_9                                        /usr/lib/gcc/avr/13.2.0/../../../../avr/lib/avr5/crtatmega328p.o
__vector_default                                  /usr/lib/gcc/avr/13.2.0/../../../../avr/lib/avr5/crtatmega328p.o
__vectors                                         /usr/lib/gcc/avr/13.2.0/../../../../avr/lib/avr5/crtatmega328p.o
_exit                                             /usr/lib/gcc/avr/13.2.0/avr5/libgcc.a(_exit.o)
dtoa_prf                                          /usr/lib/gcc/avr/13.2.0/../../../../avr/lib/avr5/libc.a(dtoa_prf.o)
                                                  /usr/lib/gcc/avr/13.2.0/../../../../avr/lib/avr5/libc.a(dtostrf.o)
dtostrf                                           /usr/lib/gcc/avr/13.2.0/../../../../avr/lib/avr5/libc.a(dtostrf.o)
                                                  main.o
exit                                              /usr/lib/gcc/avr/13.2.0/avr5/libgcc.a(_exit.o)
                                                  /usr/lib/gcc/avr/13.2.0/../../../../avr/lib/avr5/crtatmega328p.o
get_pulse                                         main.o
main                                              main.o
                                                  /usr/lib/gcc/avr/13.2.0/../../../../avr/lib/avr5/crtatmega328p.o
memset                                            /usr/lib/gcc/avr/13.2.0/../../../../avr/lib/avr5/libc.a(memset.o)
                                                  /usr/lib/gcc/avr/13.2.0/../../../../avr/lib/avr5/libc.a(dtoa_prf.o)
transmit_text                                     main.o
